Printing a diamond of height 0
Printing a diamond of height 1
Printing a diamond of height 2
Printing a diamond of height 3
Printing a diamond of height 4
Printing a diamond of height 5
Printing a diamond of height 6
Printing a diamond of height 7
Printing a diamond of height 8
Printing a diamond of height 9
